// Jest Snapshot v1, https://goo.gl/fbAQLP

exports[`Nav component matches snapshot 1`] = `
<DocumentFragment>
  <div>
    <nav
      id="nav"
    >
      <p>
        this is text in the nav section
      </p>
      <button
        class="false"
      >
        <span>
          Projects
        </span>
      </button>
    </nav>
  </div>
</DocumentFragment>
`;
